[2024-06-16T02:17:26.625-0400][gc,init] CardTable entry size: 512
[2024-06-16T02:17:26.625-0400][gc     ] Using G1
[2024-06-16T02:17:26.631-0400][gc,init] Version: 22.0.1+8-16 (release)
[2024-06-16T02:17:26.631-0400][gc,init] CPUs: 8 total, 8 available
[2024-06-16T02:17:26.631-0400][gc,init] Memory: 16057M
[2024-06-16T02:17:26.631-0400][gc,init] Large Page Support: Disabled
[2024-06-16T02:17:26.631-0400][gc,init] NUMA Support: Disabled
[2024-06-16T02:17:26.631-0400][gc,init] Compressed Oops: Enabled (32-bit)
[2024-06-16T02:17:26.631-0400][gc,init] Heap Region Size: 1M
[2024-06-16T02:17:26.631-0400][gc,init] Heap Min Capacity: 1G
[2024-06-16T02:17:26.631-0400][gc,init] Heap Initial Capacity: 1G
[2024-06-16T02:17:26.631-0400][gc,init] Heap Max Capacity: 1G
[2024-06-16T02:17:26.631-0400][gc,init] Pre-touch: Disabled
[2024-06-16T02:17:26.631-0400][gc,init] Parallel Workers: 8
[2024-06-16T02:17:26.631-0400][gc,init] Concurrent Workers: 2
[2024-06-16T02:17:26.631-0400][gc,init] Concurrent Refinement Workers: 8
[2024-06-16T02:17:26.631-0400][gc,init] Periodic GC: Disabled
[2024-06-16T02:17:26.638-0400][gc,metaspace] CDS archive(s) mapped at: [0x0000026e10000000-0x0000026e10c60000-0x0000026e10c60000), size 12976128, SharedBaseAddress: 0x0000026e10000000, ArchiveRelocationMode: 1.
[2024-06-16T02:17:26.638-0400][gc,metaspace] Compressed class space mapped at: 0x0000026e11000000-0x0000026e51000000, reserved size: 1073741824
[2024-06-16T02:17:26.638-0400][gc,metaspace] Narrow klass base: 0x0000026e10000000, Narrow klass shift: 0, Narrow klass range: 0x41000000
[2024-06-16T02:17:27.489-0400][gc,start    ] GC(0) Pause Young (Normal) (G1 Evacuation Pause)
[2024-06-16T02:17:27.490-0400][gc,task     ] GC(0) Using 8 workers of 8 for evacuation
[2024-06-16T02:17:27.493-0400][gc,phases   ] GC(0)   Pre Evacuate Collection Set: 0.22ms
[2024-06-16T02:17:27.493-0400][gc,phases   ] GC(0)   Merge Heap Roots: 0.13ms
[2024-06-16T02:17:27.493-0400][gc,phases   ] GC(0)   Evacuate Collection Set: 3.46ms
[2024-06-16T02:17:27.493-0400][gc,phases   ] GC(0)   Post Evacuate Collection Set: 0.61ms
[2024-06-16T02:17:27.493-0400][gc,phases   ] GC(0)   Other: 0.29ms
[2024-06-16T02:17:27.493-0400][gc,heap     ] GC(0) Eden regions: 51->0(44)
[2024-06-16T02:17:27.493-0400][gc,heap     ] GC(0) Survivor regions: 0->7(7)
[2024-06-16T02:17:27.493-0400][gc,heap     ] GC(0) Old regions: 0->2
[2024-06-16T02:17:27.493-0400][gc,heap     ] GC(0) Humongous regions: 0->0
[2024-06-16T02:17:27.493-0400][gc,metaspace] GC(0) Metaspace: 17412K(17600K)->17412K(17600K) NonClass: 15197K(15296K)->15197K(15296K) Class: 2214K(2304K)->2214K(2304K)
[2024-06-16T02:17:27.493-0400][gc          ] GC(0) Pause Young (Normal) (G1 Evacuation Pause) 51M->8M(1024M) 4.997ms
[2024-06-16T02:17:27.493-0400][gc,cpu      ] GC(0) User=0.00s Sys=0.00s Real=0.00s
[2024-06-16T02:17:27.671-0400][gc,start    ] GC(1) Pause Young (Concurrent Start) (Metadata GC Threshold)
[2024-06-16T02:17:27.671-0400][gc,task     ] GC(1) Using 8 workers of 8 for evacuation
[2024-06-16T02:17:27.674-0400][gc,phases   ] GC(1)   Pre Evacuate Collection Set: 0.19ms
[2024-06-16T02:17:27.674-0400][gc,phases   ] GC(1)   Merge Heap Roots: 0.04ms
[2024-06-16T02:17:27.674-0400][gc,phases   ] GC(1)   Evacuate Collection Set: 2.71ms
[2024-06-16T02:17:27.674-0400][gc,phases   ] GC(1)   Post Evacuate Collection Set: 0.64ms
[2024-06-16T02:17:27.674-0400][gc,phases   ] GC(1)   Other: 0.07ms
[2024-06-16T02:17:27.674-0400][gc,heap     ] GC(1) Eden regions: 16->0(49)
[2024-06-16T02:17:27.674-0400][gc,heap     ] GC(1) Survivor regions: 7->2(7)
[2024-06-16T02:17:27.674-0400][gc,heap     ] GC(1) Old regions: 2->9
[2024-06-16T02:17:27.674-0400][gc,heap     ] GC(1) Humongous regions: 0->0
[2024-06-16T02:17:27.674-0400][gc,metaspace] GC(1) Metaspace: 21326K(21504K)->21326K(21504K) NonClass: 18522K(18624K)->18522K(18624K) Class: 2803K(2880K)->2803K(2880K)
[2024-06-16T02:17:27.674-0400][gc          ] GC(1) Pause Young (Concurrent Start) (Metadata GC Threshold) 23M->10M(1024M) 3.870ms
[2024-06-16T02:17:27.674-0400][gc,cpu      ] GC(1) User=0.00s Sys=0.00s Real=0.00s
[2024-06-16T02:17:27.674-0400][gc          ] GC(2) Concurrent Mark Cycle
[2024-06-16T02:17:27.676-0400][gc,marking  ] GC(2) Concurrent Scan Root Regions
[2024-06-16T02:17:27.678-0400][gc,marking  ] GC(2) Concurrent Scan Root Regions 1.992ms
[2024-06-16T02:17:27.678-0400][gc,marking  ] GC(2) Concurrent Mark
[2024-06-16T02:17:27.678-0400][gc,marking  ] GC(2) Concurrent Mark From Roots
[2024-06-16T02:17:27.678-0400][gc,task     ] GC(2) Using 2 workers of 2 for marking
[2024-06-16T02:17:27.679-0400][gc,marking  ] GC(2) Concurrent Mark From Roots 1.386ms
[2024-06-16T02:17:27.679-0400][gc,marking  ] GC(2) Concurrent Preclean
[2024-06-16T02:17:27.679-0400][gc,marking  ] GC(2) Concurrent Preclean 0.012ms
[2024-06-16T02:17:27.679-0400][gc,start    ] GC(2) Pause Remark
[2024-06-16T02:17:27.680-0400][gc          ] GC(2) Pause Remark 11M->11M(1024M) 1.544ms
[2024-06-16T02:17:27.680-0400][gc,cpu      ] GC(2) User=0.00s Sys=0.00s Real=0.00s
[2024-06-16T02:17:27.680-0400][gc,marking  ] GC(2) Concurrent Mark 3.159ms
[2024-06-16T02:17:27.680-0400][gc,marking  ] GC(2) Concurrent Rebuild Remembered Sets and Scrub Regions
[2024-06-16T02:17:27.680-0400][gc,marking  ] GC(2) Concurrent Rebuild Remembered Sets and Scrub Regions 0.737ms
[2024-06-16T02:17:27.682-0400][gc,start    ] GC(2) Pause Cleanup
[2024-06-16T02:17:27.682-0400][gc          ] GC(2) Pause Cleanup 11M->11M(1024M) 0.018ms
[2024-06-16T02:17:27.682-0400][gc,cpu      ] GC(2) User=0.00s Sys=0.00s Real=0.00s
[2024-06-16T02:17:27.682-0400][gc,marking  ] GC(2) Concurrent Clear Claimed Marks
[2024-06-16T02:17:27.682-0400][gc,marking  ] GC(2) Concurrent Clear Claimed Marks 0.024ms
[2024-06-16T02:17:27.682-0400][gc,marking  ] GC(2) Concurrent Cleanup for Next Mark
[2024-06-16T02:17:27.684-0400][gc,marking  ] GC(2) Concurrent Cleanup for Next Mark 3.193ms
[2024-06-16T02:17:27.685-0400][gc          ] GC(2) Concurrent Mark Cycle 9.572ms
[2024-06-16T02:17:28.227-0400][gc,start    ] GC(3) Pause Young (Normal) (G1 Evacuation Pause)
[2024-06-16T02:17:28.227-0400][gc,task     ] GC(3) Using 8 workers of 8 for evacuation
[2024-06-16T02:17:28.230-0400][gc,phases   ] GC(3)   Pre Evacuate Collection Set: 0.13ms
[2024-06-16T02:17:28.230-0400][gc,phases   ] GC(3)   Merge Heap Roots: 0.03ms
[2024-06-16T02:17:28.230-0400][gc,phases   ] GC(3)   Evacuate Collection Set: 3.01ms
[2024-06-16T02:17:28.230-0400][gc,phases   ] GC(3)   Post Evacuate Collection Set: 0.47ms
[2024-06-16T02:17:28.230-0400][gc,phases   ] GC(3)   Other: 0.04ms
[2024-06-16T02:17:28.230-0400][gc,heap     ] GC(3) Eden regions: 49->0(44)
[2024-06-16T02:17:28.230-0400][gc,heap     ] GC(3) Survivor regions: 2->7(7)
[2024-06-16T02:17:28.230-0400][gc,heap     ] GC(3) Old regions: 9->10
[2024-06-16T02:17:28.230-0400][gc,heap     ] GC(3) Humongous regions: 129->129
[2024-06-16T02:17:28.230-0400][gc,metaspace] GC(3) Metaspace: 32809K(33152K)->32809K(33152K) NonClass: 28852K(29056K)->28852K(29056K) Class: 3957K(4096K)->3957K(4096K)
[2024-06-16T02:17:28.230-0400][gc          ] GC(3) Pause Young (Normal) (G1 Evacuation Pause) (Evacuation Failure: Pinned) 188M->145M(1024M) 3.865ms
[2024-06-16T02:17:28.230-0400][gc,cpu      ] GC(3) User=0.00s Sys=0.00s Real=0.00s
[2024-06-16T02:17:28.828-0400][gc,start    ] GC(4) Pause Young (Concurrent Start) (Metadata GC Threshold)
[2024-06-16T02:17:28.828-0400][gc,task     ] GC(4) Using 8 workers of 8 for evacuation
[2024-06-16T02:17:28.832-0400][gc,phases   ] GC(4)   Pre Evacuate Collection Set: 0.22ms
[2024-06-16T02:17:28.832-0400][gc,phases   ] GC(4)   Merge Heap Roots: 0.11ms
[2024-06-16T02:17:28.832-0400][gc,phases   ] GC(4)   Evacuate Collection Set: 3.01ms
[2024-06-16T02:17:28.832-0400][gc,phases   ] GC(4)   Post Evacuate Collection Set: 0.28ms
[2024-06-16T02:17:28.832-0400][gc,phases   ] GC(4)   Other: 0.15ms
[2024-06-16T02:17:28.832-0400][gc,heap     ] GC(4) Eden regions: 14->0(49)
[2024-06-16T02:17:28.832-0400][gc,heap     ] GC(4) Survivor regions: 7->2(7)
[2024-06-16T02:17:28.832-0400][gc,heap     ] GC(4) Old regions: 10->16
[2024-06-16T02:17:28.832-0400][gc,heap     ] GC(4) Humongous regions: 129->129
[2024-06-16T02:17:28.832-0400][gc,metaspace] GC(4) Metaspace: 35780K(36096K)->35780K(36096K) NonClass: 31415K(31552K)->31415K(31552K) Class: 4365K(4544K)->4365K(4544K)
[2024-06-16T02:17:28.832-0400][gc          ] GC(4) Pause Young (Concurrent Start) (Metadata GC Threshold) 158M->145M(1024M) 3.987ms
[2024-06-16T02:17:28.832-0400][gc          ] GC(5) Concurrent Mark Cycle
[2024-06-16T02:17:28.832-0400][gc,cpu      ] GC(4) User=0.00s Sys=0.00s Real=0.00s
[2024-06-16T02:17:28.832-0400][gc,marking  ] GC(5) Concurrent Scan Root Regions
[2024-06-16T02:17:28.835-0400][gc,marking  ] GC(5) Concurrent Scan Root Regions 2.300ms
[2024-06-16T02:17:28.835-0400][gc,marking  ] GC(5) Concurrent Mark
[2024-06-16T02:17:28.835-0400][gc,marking  ] GC(5) Concurrent Mark From Roots
[2024-06-16T02:17:28.835-0400][gc,task     ] GC(5) Using 2 workers of 2 for marking
[2024-06-16T02:17:28.839-0400][gc,marking  ] GC(5) Concurrent Mark From Roots 3.789ms
[2024-06-16T02:17:28.839-0400][gc,marking  ] GC(5) Concurrent Preclean
[2024-06-16T02:17:28.839-0400][gc,marking  ] GC(5) Concurrent Preclean 0.031ms
[2024-06-16T02:17:28.839-0400][gc,start    ] GC(5) Pause Remark
[2024-06-16T02:17:28.841-0400][gc          ] GC(5) Pause Remark 146M->146M(1024M) 1.525ms
[2024-06-16T02:17:28.841-0400][gc,cpu      ] GC(5) User=0.00s Sys=0.00s Real=0.00s
[2024-06-16T02:17:28.841-0400][gc,marking  ] GC(5) Concurrent Mark 5.586ms
[2024-06-16T02:17:28.841-0400][gc,marking  ] GC(5) Concurrent Rebuild Remembered Sets and Scrub Regions
[2024-06-16T02:17:28.845-0400][gc,marking  ] GC(5) Concurrent Rebuild Remembered Sets and Scrub Regions 4.003ms
[2024-06-16T02:17:28.845-0400][gc,start    ] GC(5) Pause Cleanup
[2024-06-16T02:17:28.845-0400][gc          ] GC(5) Pause Cleanup 146M->146M(1024M) 0.185ms
[2024-06-16T02:17:28.845-0400][gc,cpu      ] GC(5) User=0.00s Sys=0.00s Real=0.00s
[2024-06-16T02:17:28.845-0400][gc,marking  ] GC(5) Concurrent Clear Claimed Marks
[2024-06-16T02:17:28.845-0400][gc,marking  ] GC(5) Concurrent Clear Claimed Marks 0.057ms
[2024-06-16T02:17:28.845-0400][gc,marking  ] GC(5) Concurrent Cleanup for Next Mark
[2024-06-16T02:17:28.846-0400][gc,marking  ] GC(5) Concurrent Cleanup for Next Mark 1.056ms
[2024-06-16T02:17:28.846-0400][gc          ] GC(5) Concurrent Mark Cycle 13.432ms
[2024-06-16T02:37:50.358-0400][gc,start    ] GC(6) Pause Young (Prepare Mixed) (G1 Evacuation Pause)
[2024-06-16T02:37:50.358-0400][gc,task     ] GC(6) Using 8 workers of 8 for evacuation
[2024-06-16T02:37:50.361-0400][gc,phases   ] GC(6)   Pre Evacuate Collection Set: 0.30ms
[2024-06-16T02:37:50.361-0400][gc,phases   ] GC(6)   Merge Heap Roots: 0.07ms
[2024-06-16T02:37:50.361-0400][gc,phases   ] GC(6)   Evacuate Collection Set: 2.80ms
[2024-06-16T02:37:50.361-0400][gc,phases   ] GC(6)   Post Evacuate Collection Set: 0.73ms
[2024-06-16T02:37:50.361-0400][gc,phases   ] GC(6)   Other: 0.07ms
[2024-06-16T02:37:50.361-0400][gc,heap     ] GC(6) Eden regions: 49->0(47)
[2024-06-16T02:37:50.361-0400][gc,heap     ] GC(6) Survivor regions: 2->4(7)
[2024-06-16T02:37:50.361-0400][gc,heap     ] GC(6) Old regions: 16->16
[2024-06-16T02:37:50.361-0400][gc,heap     ] GC(6) Humongous regions: 129->129
[2024-06-16T02:37:50.361-0400][gc,metaspace] GC(6) Metaspace: 41091K(41728K)->41091K(41728K) NonClass: 35953K(36288K)->35953K(36288K) Class: 5137K(5440K)->5137K(5440K)
[2024-06-16T02:37:50.361-0400][gc          ] GC(6) Pause Young (Prepare Mixed) (G1 Evacuation Pause) 194M->147M(1024M) 4.219ms
[2024-06-16T02:37:50.361-0400][gc,cpu      ] GC(6) User=0.00s Sys=0.00s Real=0.00s
[2024-06-16T02:56:29.458-0400][gc,heap,exit] Heap
[2024-06-16T02:56:29.459-0400][gc,heap,exit]  garbage-first heap   total reserved 1048576K, committed 1048576K, used 190118K [0x00000000c0000000, 0x0000000100000000)
[2024-06-16T02:56:29.459-0400][gc,heap,exit]   region size 1024K, 43 young (44032K), 4 survivors (4096K)
[2024-06-16T02:56:29.459-0400][gc,heap,exit]  Metaspace       used 42269K, committed 42880K, reserved 1114112K
[2024-06-16T02:56:29.459-0400][gc,heap,exit]   class space    used 5342K, committed 5632K, reserved 1048576K
