[2024-06-16T02:56:41.569-0400][gc,init] CardTable entry size: 512
[2024-06-16T02:56:41.569-0400][gc     ] Using G1
[2024-06-16T02:56:41.576-0400][gc,init] Version: 22.0.1+8-16 (release)
[2024-06-16T02:56:41.576-0400][gc,init] CPUs: 8 total, 8 available
[2024-06-16T02:56:41.576-0400][gc,init] Memory: 16057M
[2024-06-16T02:56:41.576-0400][gc,init] Large Page Support: Disabled
[2024-06-16T02:56:41.576-0400][gc,init] NUMA Support: Disabled
[2024-06-16T02:56:41.576-0400][gc,init] Compressed Oops: Enabled (32-bit)
[2024-06-16T02:56:41.576-0400][gc,init] Heap Region Size: 1M
[2024-06-16T02:56:41.576-0400][gc,init] Heap Min Capacity: 1G
[2024-06-16T02:56:41.577-0400][gc,init] Heap Initial Capacity: 1G
[2024-06-16T02:56:41.577-0400][gc,init] Heap Max Capacity: 1G
[2024-06-16T02:56:41.577-0400][gc,init] Pre-touch: Disabled
[2024-06-16T02:56:41.577-0400][gc,init] Parallel Workers: 8
[2024-06-16T02:56:41.577-0400][gc,init] Concurrent Workers: 2
[2024-06-16T02:56:41.577-0400][gc,init] Concurrent Refinement Workers: 8
[2024-06-16T02:56:41.577-0400][gc,init] Periodic GC: Disabled
[2024-06-16T02:56:41.591-0400][gc,metaspace] CDS archive(s) mapped at: [0x000001f900000000-0x000001f900c60000-0x000001f900c60000), size 12976128, SharedBaseAddress: 0x000001f900000000, ArchiveRelocationMode: 1.
[2024-06-16T02:56:41.591-0400][gc,metaspace] Compressed class space mapped at: 0x000001f901000000-0x000001f941000000, reserved size: 1073741824
[2024-06-16T02:56:41.591-0400][gc,metaspace] Narrow klass base: 0x000001f900000000, Narrow klass shift: 0, Narrow klass range: 0x41000000
[2024-06-16T02:56:43.625-0400][gc,start    ] GC(0) Pause Young (Normal) (G1 Evacuation Pause)
[2024-06-16T02:56:43.626-0400][gc,task     ] GC(0) Using 8 workers of 8 for evacuation
[2024-06-16T02:56:43.634-0400][gc,phases   ] GC(0)   Pre Evacuate Collection Set: 0.20ms
[2024-06-16T02:56:43.634-0400][gc,phases   ] GC(0)   Merge Heap Roots: 0.09ms
[2024-06-16T02:56:43.634-0400][gc,phases   ] GC(0)   Evacuate Collection Set: 6.48ms
[2024-06-16T02:56:43.634-0400][gc,phases   ] GC(0)   Post Evacuate Collection Set: 0.77ms
[2024-06-16T02:56:43.634-0400][gc,phases   ] GC(0)   Other: 0.53ms
[2024-06-16T02:56:43.634-0400][gc,heap     ] GC(0) Eden regions: 51->0(44)
[2024-06-16T02:56:43.634-0400][gc,heap     ] GC(0) Survivor regions: 0->7(7)
[2024-06-16T02:56:43.634-0400][gc,heap     ] GC(0) Old regions: 0->2
[2024-06-16T02:56:43.634-0400][gc,heap     ] GC(0) Humongous regions: 0->0
[2024-06-16T02:56:43.634-0400][gc,metaspace] GC(0) Metaspace: 17387K(17664K)->17387K(17664K) NonClass: 15177K(15360K)->15177K(15360K) Class: 2210K(2304K)->2210K(2304K)
[2024-06-16T02:56:43.634-0400][gc          ] GC(0) Pause Young (Normal) (G1 Evacuation Pause) 51M->8M(1024M) 8.627ms
[2024-06-16T02:56:43.634-0400][gc,cpu      ] GC(0) User=0.03s Sys=0.00s Real=0.01s
[2024-06-16T02:56:44.006-0400][gc,start    ] GC(1) Pause Young (Concurrent Start) (Metadata GC Threshold)
[2024-06-16T02:56:44.006-0400][gc,task     ] GC(1) Using 8 workers of 8 for evacuation
[2024-06-16T02:56:44.012-0400][gc,phases   ] GC(1)   Pre Evacuate Collection Set: 0.61ms
[2024-06-16T02:56:44.012-0400][gc,phases   ] GC(1)   Merge Heap Roots: 0.07ms
[2024-06-16T02:56:44.012-0400][gc,phases   ] GC(1)   Evacuate Collection Set: 4.52ms
[2024-06-16T02:56:44.012-0400][gc,phases   ] GC(1)   Post Evacuate Collection Set: 0.46ms
[2024-06-16T02:56:44.012-0400][gc,phases   ] GC(1)   Other: -0.05ms
[2024-06-16T02:56:44.012-0400][gc,heap     ] GC(1) Eden regions: 15->0(50)
[2024-06-16T02:56:44.012-0400][gc,heap     ] GC(1) Survivor regions: 7->1(7)
[2024-06-16T02:56:44.012-0400][gc,heap     ] GC(1) Old regions: 2->9
[2024-06-16T02:56:44.012-0400][gc,heap     ] GC(1) Humongous regions: 0->0
[2024-06-16T02:56:44.012-0400][gc,metaspace] GC(1) Metaspace: 21267K(21504K)->21267K(21504K) NonClass: 18496K(18624K)->18496K(18624K) Class: 2770K(2880K)->2770K(2880K)
[2024-06-16T02:56:44.012-0400][gc          ] GC(1) Pause Young (Concurrent Start) (Metadata GC Threshold) 23M->9M(1024M) 5.901ms
[2024-06-16T02:56:44.012-0400][gc,cpu      ] GC(1) User=0.00s Sys=0.00s Real=0.01s
[2024-06-16T02:56:44.012-0400][gc          ] GC(2) Concurrent Mark Cycle
[2024-06-16T02:56:44.012-0400][gc,marking  ] GC(2) Concurrent Scan Root Regions
[2024-06-16T02:56:44.015-0400][gc,marking  ] GC(2) Concurrent Scan Root Regions 3.015ms
[2024-06-16T02:56:44.015-0400][gc,marking  ] GC(2) Concurrent Mark
[2024-06-16T02:56:44.015-0400][gc,marking  ] GC(2) Concurrent Mark From Roots
[2024-06-16T02:56:44.015-0400][gc,task     ] GC(2) Using 2 workers of 2 for marking
[2024-06-16T02:56:44.019-0400][gc,marking  ] GC(2) Concurrent Mark From Roots 3.473ms
[2024-06-16T02:56:44.019-0400][gc,marking  ] GC(2) Concurrent Preclean
[2024-06-16T02:56:44.019-0400][gc,marking  ] GC(2) Concurrent Preclean 0.029ms
[2024-06-16T02:56:44.019-0400][gc,start    ] GC(2) Pause Remark
[2024-06-16T02:56:44.022-0400][gc          ] GC(2) Pause Remark 10M->10M(1024M) 2.325ms
[2024-06-16T02:56:44.022-0400][gc,cpu      ] GC(2) User=0.02s Sys=0.00s Real=0.00s
[2024-06-16T02:56:44.022-0400][gc,marking  ] GC(2) Concurrent Mark 6.079ms
[2024-06-16T02:56:44.022-0400][gc,marking  ] GC(2) Concurrent Rebuild Remembered Sets and Scrub Regions
[2024-06-16T02:56:44.023-0400][gc,marking  ] GC(2) Concurrent Rebuild Remembered Sets and Scrub Regions 1.154ms
[2024-06-16T02:56:44.023-0400][gc,start    ] GC(2) Pause Cleanup
[2024-06-16T02:56:44.023-0400][gc          ] GC(2) Pause Cleanup 10M->10M(1024M) 0.038ms
[2024-06-16T02:56:44.023-0400][gc,cpu      ] GC(2) User=0.00s Sys=0.00s Real=0.00s
[2024-06-16T02:56:44.023-0400][gc,marking  ] GC(2) Concurrent Clear Claimed Marks
[2024-06-16T02:56:44.023-0400][gc,marking  ] GC(2) Concurrent Clear Claimed Marks 0.049ms
[2024-06-16T02:56:44.023-0400][gc,marking  ] GC(2) Concurrent Cleanup for Next Mark
[2024-06-16T02:56:44.028-0400][gc,marking  ] GC(2) Concurrent Cleanup for Next Mark 5.240ms
[2024-06-16T02:56:44.028-0400][gc          ] GC(2) Concurrent Mark Cycle 16.021ms
[2024-06-16T02:56:45.841-0400][gc,start    ] GC(3) Pause Young (Normal) (G1 Evacuation Pause)
[2024-06-16T02:56:45.841-0400][gc,task     ] GC(3) Using 8 workers of 8 for evacuation
[2024-06-16T02:56:45.846-0400][gc,phases   ] GC(3)   Pre Evacuate Collection Set: 0.21ms
[2024-06-16T02:56:45.846-0400][gc,phases   ] GC(3)   Merge Heap Roots: 0.07ms
[2024-06-16T02:56:45.846-0400][gc,phases   ] GC(3)   Evacuate Collection Set: 4.90ms
[2024-06-16T02:56:45.846-0400][gc,phases   ] GC(3)   Post Evacuate Collection Set: 0.57ms
[2024-06-16T02:56:45.847-0400][gc,phases   ] GC(3)   Other: 0.11ms
[2024-06-16T02:56:45.847-0400][gc,heap     ] GC(3) Eden regions: 50->0(45)
[2024-06-16T02:56:45.847-0400][gc,heap     ] GC(3) Survivor regions: 1->6(7)
[2024-06-16T02:56:45.847-0400][gc,heap     ] GC(3) Old regions: 9->9
[2024-06-16T02:56:45.847-0400][gc,heap     ] GC(3) Humongous regions: 129->129
[2024-06-16T02:56:45.847-0400][gc,metaspace] GC(3) Metaspace: 32874K(33216K)->32874K(33216K) NonClass: 28865K(29056K)->28865K(29056K) Class: 4009K(4160K)->4009K(4160K)
[2024-06-16T02:56:45.847-0400][gc          ] GC(3) Pause Young (Normal) (G1 Evacuation Pause) 188M->143M(1024M) 6.269ms
[2024-06-16T02:56:45.847-0400][gc,cpu      ] GC(3) User=0.00s Sys=0.02s Real=0.01s
[2024-06-16T02:56:46.063-0400][gc,start    ] GC(4) Pause Young (Concurrent Start) (Metadata GC Threshold)
[2024-06-16T02:56:46.063-0400][gc,task     ] GC(4) Using 8 workers of 8 for evacuation
[2024-06-16T02:56:46.069-0400][gc,phases   ] GC(4)   Pre Evacuate Collection Set: 0.29ms
[2024-06-16T02:56:46.070-0400][gc,phases   ] GC(4)   Merge Heap Roots: 0.06ms
[2024-06-16T02:56:46.070-0400][gc,phases   ] GC(4)   Evacuate Collection Set: 6.00ms
[2024-06-16T02:56:46.070-0400][gc,phases   ] GC(4)   Post Evacuate Collection Set: 0.51ms
[2024-06-16T02:56:46.070-0400][gc,phases   ] GC(4)   Other: 0.12ms
[2024-06-16T02:56:46.070-0400][gc,heap     ] GC(4) Eden regions: 12->0(49)
[2024-06-16T02:56:46.070-0400][gc,heap     ] GC(4) Survivor regions: 6->2(7)
[2024-06-16T02:56:46.070-0400][gc,heap     ] GC(4) Old regions: 9->15
[2024-06-16T02:56:46.070-0400][gc,heap     ] GC(4) Humongous regions: 129->129
[2024-06-16T02:56:46.070-0400][gc,metaspace] GC(4) Metaspace: 35595K(35968K)->35595K(35968K) NonClass: 31272K(31488K)->31272K(31488K) Class: 4322K(4480K)->4322K(4480K)
[2024-06-16T02:56:46.070-0400][gc          ] GC(4) Pause Young (Concurrent Start) (Metadata GC Threshold) 155M->145M(1024M) 7.473ms
[2024-06-16T02:56:46.070-0400][gc          ] GC(5) Concurrent Mark Cycle
[2024-06-16T02:56:46.070-0400][gc,cpu      ] GC(4) User=0.05s Sys=0.00s Real=0.01s
[2024-06-16T02:56:46.070-0400][gc,marking  ] GC(5) Concurrent Scan Root Regions
[2024-06-16T02:56:46.075-0400][gc,marking  ] GC(5) Concurrent Scan Root Regions 5.466ms
[2024-06-16T02:56:46.076-0400][gc,marking  ] GC(5) Concurrent Mark
[2024-06-16T02:56:46.076-0400][gc,marking  ] GC(5) Concurrent Mark From Roots
[2024-06-16T02:56:46.076-0400][gc,task     ] GC(5) Using 2 workers of 2 for marking
[2024-06-16T02:56:46.087-0400][gc,marking  ] GC(5) Concurrent Mark From Roots 10.971ms
[2024-06-16T02:56:46.087-0400][gc,marking  ] GC(5) Concurrent Preclean
[2024-06-16T02:56:46.087-0400][gc,marking  ] GC(5) Concurrent Preclean 0.092ms
[2024-06-16T02:56:46.095-0400][gc,start    ] GC(5) Pause Remark
[2024-06-16T02:56:46.099-0400][gc          ] GC(5) Pause Remark 146M->146M(1024M) 3.197ms
[2024-06-16T02:56:46.099-0400][gc,cpu      ] GC(5) User=0.00s Sys=0.00s Real=0.00s
[2024-06-16T02:56:46.099-0400][gc,marking  ] GC(5) Concurrent Mark 22.302ms
[2024-06-16T02:56:46.099-0400][gc,marking  ] GC(5) Concurrent Rebuild Remembered Sets and Scrub Regions
[2024-06-16T02:56:46.106-0400][gc,marking  ] GC(5) Concurrent Rebuild Remembered Sets and Scrub Regions 7.655ms
[2024-06-16T02:56:46.106-0400][gc,start    ] GC(5) Pause Cleanup
[2024-06-16T02:56:46.106-0400][gc          ] GC(5) Pause Cleanup 147M->147M(1024M) 0.279ms
[2024-06-16T02:56:46.106-0400][gc,cpu      ] GC(5) User=0.00s Sys=0.00s Real=0.00s
[2024-06-16T02:56:46.106-0400][gc,marking  ] GC(5) Concurrent Clear Claimed Marks
[2024-06-16T02:56:46.106-0400][gc,marking  ] GC(5) Concurrent Clear Claimed Marks 0.076ms
[2024-06-16T02:56:46.107-0400][gc,marking  ] GC(5) Concurrent Cleanup for Next Mark
[2024-06-16T02:56:46.108-0400][gc,marking  ] GC(5) Concurrent Cleanup for Next Mark 1.583ms
[2024-06-16T02:56:46.108-0400][gc          ] GC(5) Concurrent Mark Cycle 38.245ms
[2024-06-16T03:12:52.190-0400][gc,start    ] GC(6) Pause Young (Prepare Mixed) (G1 Evacuation Pause)
[2024-06-16T03:12:52.191-0400][gc,task     ] GC(6) Using 8 workers of 8 for evacuation
[2024-06-16T03:12:52.210-0400][gc,phases   ] GC(6)   Pre Evacuate Collection Set: 2.42ms
[2024-06-16T03:12:52.210-0400][gc,phases   ] GC(6)   Merge Heap Roots: 0.36ms
[2024-06-16T03:12:52.210-0400][gc,phases   ] GC(6)   Evacuate Collection Set: 14.76ms
[2024-06-16T03:12:52.210-0400][gc,phases   ] GC(6)   Post Evacuate Collection Set: 1.00ms
[2024-06-16T03:12:52.210-0400][gc,phases   ] GC(6)   Other: 0.25ms
[2024-06-16T03:12:52.210-0400][gc,heap     ] GC(6) Eden regions: 49->0(47)
[2024-06-16T03:12:52.210-0400][gc,heap     ] GC(6) Survivor regions: 2->4(7)
[2024-06-16T03:12:52.210-0400][gc,heap     ] GC(6) Old regions: 15->15
[2024-06-16T03:12:52.210-0400][gc,heap     ] GC(6) Humongous regions: 129->129
[2024-06-16T03:12:52.211-0400][gc,metaspace] GC(6) Metaspace: 41704K(42368K)->41704K(42368K) NonClass: 36348K(36736K)->36348K(36736K) Class: 5355K(5632K)->5355K(5632K)
[2024-06-16T03:12:52.211-0400][gc          ] GC(6) Pause Young (Prepare Mixed) (G1 Evacuation Pause) 194M->147M(1024M) 20.359ms
[2024-06-16T03:12:52.211-0400][gc,cpu      ] GC(6) User=0.06s Sys=0.03s Real=0.02s
[2024-06-16T03:34:46.720-0400][gc,start    ] GC(7) Pause Young (Mixed) (G1 Evacuation Pause)
[2024-06-16T03:34:46.729-0400][gc,task     ] GC(7) Using 8 workers of 8 for evacuation
[2024-06-16T03:34:46.763-0400][gc,mmu      ] GC(7) MMU target violated: 21.0ms (20.0ms/21.0ms)
[2024-06-16T03:34:46.764-0400][gc,phases   ] GC(7)   Pre Evacuate Collection Set: 4.09ms
[2024-06-16T03:34:46.764-0400][gc,phases   ] GC(7)   Merge Heap Roots: 1.28ms
[2024-06-16T03:34:46.764-0400][gc,phases   ] GC(7)   Evacuate Collection Set: 25.09ms
[2024-06-16T03:34:46.764-0400][gc,phases   ] GC(7)   Post Evacuate Collection Set: 2.79ms
[2024-06-16T03:34:46.764-0400][gc,phases   ] GC(7)   Other: 5.18ms
[2024-06-16T03:34:46.764-0400][gc,heap     ] GC(7) Eden regions: 47->0(45)
[2024-06-16T03:34:46.764-0400][gc,heap     ] GC(7) Survivor regions: 4->6(7)
[2024-06-16T03:34:46.764-0400][gc,heap     ] GC(7) Old regions: 15->16
[2024-06-16T03:34:46.764-0400][gc,heap     ] GC(7) Humongous regions: 129->129
[2024-06-16T03:34:46.765-0400][gc,metaspace] GC(7) Metaspace: 43298K(43968K)->43298K(43968K) NonClass: 37823K(38208K)->37823K(38208K) Class: 5474K(5760K)->5474K(5760K)
[2024-06-16T03:34:46.765-0400][gc          ] GC(7) Pause Young (Mixed) (G1 Evacuation Pause) 194M->149M(1024M) 45.161ms
[2024-06-16T03:34:46.765-0400][gc,cpu      ] GC(7) User=0.00s Sys=0.02s Real=0.05s
