[2024-06-16T02:56:17.864-0400][gc,init] CardTable entry size: 512
[2024-06-16T02:56:17.864-0400][gc     ] Using G1
[2024-06-16T02:56:17.869-0400][gc,init] Version: 22.0.1+8-16 (release)
[2024-06-16T02:56:17.869-0400][gc,init] CPUs: 8 total, 8 available
[2024-06-16T02:56:17.869-0400][gc,init] Memory: 16057M
[2024-06-16T02:56:17.869-0400][gc,init] Large Page Support: Disabled
[2024-06-16T02:56:17.869-0400][gc,init] NUMA Support: Disabled
[2024-06-16T02:56:17.869-0400][gc,init] Compressed Oops: Enabled (32-bit)
[2024-06-16T02:56:17.869-0400][gc,init] Heap Region Size: 1M
[2024-06-16T02:56:17.869-0400][gc,init] Heap Min Capacity: 512M
[2024-06-16T02:56:17.869-0400][gc,init] Heap Initial Capacity: 512M
[2024-06-16T02:56:17.869-0400][gc,init] Heap Max Capacity: 512M
[2024-06-16T02:56:17.869-0400][gc,init] Pre-touch: Disabled
[2024-06-16T02:56:17.869-0400][gc,init] Parallel Workers: 8
[2024-06-16T02:56:17.869-0400][gc,init] Concurrent Workers: 2
[2024-06-16T02:56:17.869-0400][gc,init] Concurrent Refinement Workers: 8
[2024-06-16T02:56:17.869-0400][gc,init] Periodic GC: Disabled
[2024-06-16T02:56:17.879-0400][gc,metaspace] CDS archive(s) mapped at: [0x0000023f00000000-0x0000023f00c60000-0x0000023f00c60000), size 12976128, SharedBaseAddress: 0x0000023f00000000, ArchiveRelocationMode: 1.
[2024-06-16T02:56:17.879-0400][gc,metaspace] Compressed class space mapped at: 0x0000023f01000000-0x0000023f41000000, reserved size: 1073741824
[2024-06-16T02:56:17.879-0400][gc,metaspace] Narrow klass base: 0x0000023f00000000, Narrow klass shift: 0, Narrow klass range: 0x41000000
[2024-06-16T02:56:18.751-0400][gc,start    ] GC(0) Pause Young (Normal) (G1 Evacuation Pause)
[2024-06-16T02:56:18.752-0400][gc,task     ] GC(0) Using 8 workers of 8 for evacuation
[2024-06-16T02:56:18.758-0400][gc,phases   ] GC(0)   Pre Evacuate Collection Set: 0.13ms
[2024-06-16T02:56:18.758-0400][gc,phases   ] GC(0)   Merge Heap Roots: 0.06ms
[2024-06-16T02:56:18.758-0400][gc,phases   ] GC(0)   Evacuate Collection Set: 5.26ms
[2024-06-16T02:56:18.758-0400][gc,phases   ] GC(0)   Post Evacuate Collection Set: 0.58ms
[2024-06-16T02:56:18.758-0400][gc,phases   ] GC(0)   Other: 0.37ms
[2024-06-16T02:56:18.758-0400][gc,heap     ] GC(0) Eden regions: 25->0(21)
[2024-06-16T02:56:18.758-0400][gc,heap     ] GC(0) Survivor regions: 0->4(4)
[2024-06-16T02:56:18.758-0400][gc,heap     ] GC(0) Old regions: 0->5
[2024-06-16T02:56:18.758-0400][gc,heap     ] GC(0) Humongous regions: 0->0
[2024-06-16T02:56:18.758-0400][gc,metaspace] GC(0) Metaspace: 7720K(7936K)->7720K(7936K) NonClass: 6876K(6976K)->6876K(6976K) Class: 843K(960K)->843K(960K)
[2024-06-16T02:56:18.758-0400][gc          ] GC(0) Pause Young (Normal) (G1 Evacuation Pause) 25M->8M(512M) 7.228ms
[2024-06-16T02:56:18.758-0400][gc,cpu      ] GC(0) User=0.00s Sys=0.02s Real=0.01s
